14:48:37.084[0;34m[INFO][0m Load config from: sdmc:/switch/GMCA/config.json
14:48:37.093[0;34m[INFO][0m init NX v1.1.0-9f02771 device 9d564c75126489c54ce37c675decb13b5055093bd63eb02ac6863fe024a9a921 from sdmc:/switch/GMCA/config.json
14:48:37.097[0;34m[INFO][0m switch system theme: Dark
14:48:37.101[0;34m[INFO][0m Using platform Switch
14:48:37.112[0;31m[ERROR][0m Cannot load locale en-GB: directory romfs:/i18n/en-GB doesn't exist
14:48:37.161[0;32m[DEBUG][0m Vibration clear #0
14:48:37.163[0;32m[DEBUG][0m Vibration clear #1
14:48:37.167[0;32m[DEBUG][0m Vibration clear #2
14:48:37.170[0;32m[DEBUG][0m Vibration clear #3
14:48:37.174[0;32m[DEBUG][0m Vibration clear #4
14:48:37.178[0;34m[INFO][0m switch system locale: en-GB
14:48:37.182[0;33m[WARNING][0m Cannot find custom font, (Searched at: sdmc:/switch/GMCA/font.ttf)
14:48:37.190[0;34m[INFO][0m Load emoji font: romfs:/font/emoji.ttf
14:48:37.207[0;32m[DEBUG][0m LoadingActivity: create
14:48:37.213[0;32m[DEBUG][0m Adding an inputs block token (tokens=1)
14:48:37.273[0;32m[DEBUG][0m push activity to the stack
14:48:37.275[0;32m[DEBUG][0m Removing an inputs block token (tokens=0)
14:48:37.278[0;32m[DEBUG][0m Adding an inputs block token (tokens=1)
14:48:37.280[0;32m[DEBUG][0m curl global init 0
14:48:37.281[0;34m[INFO][0m ThreadPool start 4
14:48:37.287[0;34m[INFO][0m AppletFocusState_InFocus
14:48:37.292[0;34m[INFO][0m Window size changed to 1280x720, content size: 1280x720 windowScale: 1
14:48:37.297[0;34m[INFO][0m scale factor: 1
14:48:37.624[0;32m[DEBUG][0m Removing an inputs block token (tokens=0)
14:48:37.627[0;32m[DEBUG][0m LoadingActivity: delete
14:48:37.629[0;32m[DEBUG][0m MainActivity: create
14:48:37.632[0;32m[DEBUG][0m Adding an inputs block token (tokens=1)
14:48:37.659[0;34m[INFO][0m set memory cache: 20MB
14:48:37.663[0;34m[INFO][0m MPV hardware decode: auto
14:48:37.692[0;34m[INFO][0m version: mpv 0.36.0 ffmpeg 7.1.5
14:48:37.750[0;32m[DEBUG][0m Tab HomeTab: create
14:48:37.756[0;32m[DEBUG][0m View HRecyclerFrame: create
14:48:37.759[0;32m[DEBUG][0m HRecyclerFrame::onLayout reloadData()
14:48:37.762[0;32m[DEBUG][0m HRecyclerFrame Cell #1 - added right
14:48:37.765[0;32m[DEBUG][0m HRecyclerFrame Cell #2 - added right
14:48:37.768[0;32m[DEBUG][0m HRecyclerFrame Cell #2 - added right
14:48:37.771[0;32m[DEBUG][0m HRecyclerFrame Cell #2 - added right
14:48:37.815[0;32m[DEBUG][0m AudioPlayer: create
14:48:37.819[0;32m[DEBUG][0m Giving focus to AutoSidebarItem
14:48:37.826[0;32m[DEBUG][0m push activity to the stack
14:48:37.832[0;32m[DEBUG][0m Removing an inputs block token (tokens=0)
14:48:37.835[0;32m[DEBUG][0m delete AppletFrame brls::AppletFrame
14:48:37.840[0;32m[DEBUG][0m del AutoSidebarItem: 
14:48:37.845[0;31m[ERROR][0m [INSET] 0 -> 108 (frame=true footerVis=true thisY=0 saH=720 footerY=612)
14:48:38.357[0;32m[DEBUG][0m HRecyclerFrame::onLayout reloadData()
14:48:38.362[0;32m[DEBUG][0m HRecyclerFrame Cell #6 - added right
14:48:39.094[0;33m[WARNING][0m stremio: manifest load failed https://opensubtitles.strem.io/stremio/v1: [json.exception.parse_error.101] parse error at line 1, column 1: syntax error while parsing value - invalid literal; last read: '<'
14:48:39.646[0;34m[INFO][0m App is up to date
14:48:40.621[0;33m[WARNING][0m stremio home catalog https://www.strem.io/trakt/addon/5efba1e44a7b61002583b900/catalog/movie/history.json: http status 500
14:48:41.099[0;33m[WARNING][0m stremio home catalog https://www.strem.io/trakt/addon/5efba1e44a7b61002583b900/catalog/movie/watchlist.json: http status 500
14:48:41.581[0;33m[WARNING][0m stremio home catalog https://www.strem.io/trakt/addon/5efba1e44a7b61002583b900/catalog/movie/collection.json: http status 500
14:48:41.859[0;33m[WARNING][0m stremio home catalog https://www.strem.io/trakt/addon/5efba1e44a7b61002583b900/catalog/movie/recommendations.json: http status 500
14:48:43.228[0;33m[WARNING][0m stremio home catalog https://www.strem.io/trakt/addon/5efba1e44a7b61002583b900/catalog/series/history.json: http status 500
14:48:43.527[0;33m[WARNING][0m stremio home catalog https://www.strem.io/trakt/addon/5efba1e44a7b61002583b900/catalog/series/watchlist.json: http status 500
14:48:43.862[0;33m[WARNING][0m stremio home catalog https://www.strem.io/trakt/addon/5efba1e44a7b61002583b900/catalog/series/collection.json: http status 500
14:48:44.227[0;33m[WARNING][0m stremio home catalog https://www.strem.io/trakt/addon/5efba1e44a7b61002583b900/catalog/series/recommendations.json: http status 500
14:48:44.244[0;32m[DEBUG][0m View HRecyclerFrame: create
14:48:44.248[0;32m[DEBUG][0m HRecyclerFrame::onLayout reloadData()
14:48:44.251[0;32m[DEBUG][0m HRecyclerFrame Cell #1 - added right
14:48:44.257[0;32m[DEBUG][0m HRecyclerFrame Cell #1 - added right
14:48:44.260[0;32m[DEBUG][0m HRecyclerFrame Cell #2 - added right
14:48:44.262[0;32m[DEBUG][0m HRecyclerFrame Cell #2 - added right
14:48:44.275[0;32m[DEBUG][0m HRecyclerFrame Cell #2 - added right
14:48:44.286[0;32m[DEBUG][0m View HRecyclerFrame: create
14:48:44.290[0;32m[DEBUG][0m HRecyclerFrame::onLayout reloadData()
14:48:44.293[0;32m[DEBUG][0m HRecyclerFrame Cell #1 - added right
14:48:44.296[0;32m[DEBUG][0m HRecyclerFrame Cell #1 - added right
14:48:44.299[0;32m[DEBUG][0m HRecyclerFrame Cell #2 - added right
14:48:44.303[0;32m[DEBUG][0m HRecyclerFrame Cell #2 - added right
14:48:44.320[0;32m[DEBUG][0m HRecyclerFrame Cell #2 - added right
14:48:44.332[0;32m[DEBUG][0m View HRecyclerFrame: create
14:48:44.335[0;32m[DEBUG][0m HRecyclerFrame::onLayout reloadData()
14:48:44.337[0;32m[DEBUG][0m HRecyclerFrame Cell #1 - added right
14:48:44.341[0;32m[DEBUG][0m HRecyclerFrame Cell #2 - added right
14:48:44.349[0;32m[DEBUG][0m HRecyclerFrame Cell #2 - added right
14:48:44.354[0;32m[DEBUG][0m HRecyclerFrame Cell #2 - added right
14:48:44.372[0;32m[DEBUG][0m HRecyclerFrame Cell #2 - added right
14:48:44.423[0;32m[DEBUG][0m View HRecyclerFrame: create
14:48:44.429[0;32m[DEBUG][0m HRecyclerFrame::onLayout reloadData()
14:48:44.436[0;32m[DEBUG][0m HRecyclerFrame Cell #1 - added right
14:48:44.444[0;32m[DEBUG][0m HRecyclerFrame Cell #1 - added right
14:48:44.447[0;32m[DEBUG][0m HRecyclerFrame Cell #2 - added right
14:48:44.449[0;32m[DEBUG][0m HRecyclerFrame Cell #2 - added right
14:48:44.519[0;32m[DEBUG][0m HRecyclerFrame Cell #2 - added right
14:48:44.592[0;32m[DEBUG][0m View HRecyclerFrame: create
14:48:44.597[0;32m[DEBUG][0m HRecyclerFrame::onLayout reloadData()
14:48:44.601[0;32m[DEBUG][0m HRecyclerFrame Cell #1 - added right
14:48:44.604[0;32m[DEBUG][0m HRecyclerFrame Cell #1 - added right
14:48:44.608[0;32m[DEBUG][0m HRecyclerFrame Cell #2 - added right
14:48:44.648[0;32m[DEBUG][0m View HRecyclerFrame: create
14:48:44.651[0;32m[DEBUG][0m HRecyclerFrame::onLayout reloadData()
14:48:44.659[0;32m[DEBUG][0m HRecyclerFrame Cell #1 - added right
14:48:44.663[0;32m[DEBUG][0m HRecyclerFrame Cell #1 - added right
14:48:44.665[0;32m[DEBUG][0m HRecyclerFrame Cell #2 - added right
14:48:44.668[0;32m[DEBUG][0m HRecyclerFrame Cell #2 - added right
14:48:44.700[0;32m[DEBUG][0m HRecyclerFrame Cell #2 - added right
14:48:44.743[0;32m[DEBUG][0m HRecyclerFrame Cell #3 - added right
14:48:44.757[0;32m[DEBUG][0m HRecyclerFrame Cell #4 - added right
14:48:44.774[0;32m[DEBUG][0m HRecyclerFrame Cell #5 - added right
14:48:44.783[0;32m[DEBUG][0m HRecyclerFrame Cell #6 - added right
14:48:44.794[0;32m[DEBUG][0m HRecyclerFrame Cell #3 - added right
14:48:44.802[0;32m[DEBUG][0m HRecyclerFrame Cell #4 - added right
14:48:44.815[0;32m[DEBUG][0m HRecyclerFrame Cell #5 - added right
14:48:44.824[0;32m[DEBUG][0m HRecyclerFrame Cell #6 - added right
14:48:44.834[0;32m[DEBUG][0m HRecyclerFrame Cell #3 - added right
14:48:44.843[0;32m[DEBUG][0m HRecyclerFrame Cell #4 - added right
14:48:44.855[0;32m[DEBUG][0m HRecyclerFrame Cell #5 - added right
14:48:44.868[0;32m[DEBUG][0m HRecyclerFrame Cell #6 - added right
14:48:44.927[0;32m[DEBUG][0m HRecyclerFrame Cell #3 - added right
14:48:44.961[0;32m[DEBUG][0m HRecyclerFrame Cell #4 - added right
14:48:45.022[0;32m[DEBUG][0m HRecyclerFrame Cell #5 - added right
14:48:45.075[0;32m[DEBUG][0m HRecyclerFrame Cell #6 - added right
14:48:45.111[0;32m[DEBUG][0m HRecyclerFrame Cell #2 - added right
14:48:45.128[0;32m[DEBUG][0m HRecyclerFrame Cell #3 - added right
14:48:45.149[0;32m[DEBUG][0m HRecyclerFrame Cell #4 - added right
14:48:45.158[0;32m[DEBUG][0m HRecyclerFrame Cell #5 - added right
14:48:45.169[0;32m[DEBUG][0m HRecyclerFrame Cell #6 - added right
14:48:45.185[0;32m[DEBUG][0m HRecyclerFrame Cell #3 - added right
14:48:45.194[0;32m[DEBUG][0m HRecyclerFrame Cell #4 - added right
14:48:45.202[0;32m[DEBUG][0m HRecyclerFrame Cell #5 - added right
14:48:45.213[0;32m[DEBUG][0m HRecyclerFrame Cell #6 - added right
14:48:46.176[0;32m[DEBUG][0m StremioCatalogs: create movie type movie
14:48:46.184[0;32m[DEBUG][0m View RecyclingGrid: create
14:48:46.206[0;32m[DEBUG][0m RecyclingGrid::checkWidth from 0 to 1216
14:48:46.211[0;32m[DEBUG][0m RecyclingGrid::onLayout reloadData()
14:48:46.218[0;32m[DEBUG][0m Giving focus to AutoSidebarItem (id="lib/movie")
14:48:46.223[0;31m[ERROR][0m [INSET] 0 -> 108 (frame=true footerVis=true thisY=0 saH=720 footerY=612)
14:48:46.793[0;32m[DEBUG][0m Giving focus to AutoSidebarItem
14:48:47.409[0;32m[DEBUG][0m Giving focus to brls::Box (id="video/card/pic_box")
14:48:47.726[0;32m[DEBUG][0m Giving focus to brls::Box (id="video/card/pic_box")
14:48:48.576[0;32m[DEBUG][0m Giving focus to brls::Box (id="video/card/pic_box")
14:48:49.159[0;32m[DEBUG][0m Tab MediaMovie: create
14:48:49.191[0;32m[DEBUG][0m View HRecyclerFrame: create
14:48:49.193[0;32m[DEBUG][0m HRecyclerFrame::onLayout reloadData()
14:48:49.197[0;32m[DEBUG][0m HRecyclerFrame Cell #1 - added right
14:48:49.200[0;32m[DEBUG][0m HRecyclerFrame Cell #1 - added right
14:48:49.205[0;32m[DEBUG][0m HRecyclerFrame Cell #1 - added right
14:48:49.208[0;32m[DEBUG][0m HRecyclerFrame Cell #1 - added right
14:48:49.216[0;32m[DEBUG][0m Giving focus to brls::ScrollingFrame (id="movie/scroll")
14:48:49.222[0;31m[ERROR][0m [INSET] 0 -> 108 (frame=true footerVis=true thisY=0 saH=720 footerY=612)
14:48:49.228[0;32m[DEBUG][0m HRecyclerFrame Cell #1 - added right
14:48:49.230[0;32m[DEBUG][0m HRecyclerFrame Cell #2 - added right
14:48:49.233[0;32m[DEBUG][0m HRecyclerFrame Cell #3 - added right
14:48:49.237[0;32m[DEBUG][0m HRecyclerFrame Cell #4 - added right
14:48:49.242[0;32m[DEBUG][0m HRecyclerFrame Cell #5 - added right
14:48:49.245[0;32m[DEBUG][0m HRecyclerFrame Cell #6 - added right
14:48:49.248[0;32m[DEBUG][0m HRecyclerFrame Cell #7 - added right
14:48:49.252[0;32m[DEBUG][0m HRecyclerFrame Cell #8 - added right
14:48:49.807[0;32m[DEBUG][0m Giving focus to (anonymous namespace)::SourceRow (id="movie/source/0")
14:48:50.192[0;32m[DEBUG][0m Giving focus to (anonymous namespace)::SourceRow (id="movie/source/1")
14:48:50.658[0;32m[DEBUG][0m Giving focus to (anonymous namespace)::SourceRow (id="movie/source/2")
14:48:50.974[0;32m[DEBUG][0m Giving focus to (anonymous namespace)::SourceRow (id="movie/source/3")
14:48:52.228[0;32m[DEBUG][0m VideoView: created
14:48:52.230[0;32m[DEBUG][0m MPVCore::reset
14:48:52.252[0;32m[DEBUG][0m View VideoProfile: create
14:48:52.262[0;32m[DEBUG][0m Adding an inputs block token (tokens=1)
14:48:52.267[0;32m[DEBUG][0m Pushing (anonymous namespace)::SourceRow (id="movie/source/3") to the focus stack
14:48:52.269[0;32m[DEBUG][0m Giving focus to VideoView (id="video")
14:48:52.275[0;32m[DEBUG][0m push activity to the stack
14:48:52.281[0;32m[DEBUG][0m Removing an inputs block token (tokens=0)
14:48:52.287[0;32m[DEBUG][0m torrent buffering: meta=false peers=0/0 rate=0B/s pieces=0/0 contiguous=0B webseeds=0
14:48:52.407[0;34m[INFO][0m [torrent] torrent session: opening 39916f69ab5c3338c559bdbf5b0eb4008e1e5bab (fileIdx=0)
14:48:52.411[0;34m[INFO][0m [torrent] engine: opening infohash 39916f69ab5c3338c559bdbf5b0eb4008e1e5bab (no name)
14:48:52.414[0;34m[INFO][0m [torrent] utp: BEP-29 transport active (shared UDP socket)
14:48:52.419[0;34m[INFO][0m [torrent] dht: BEP-5 mainline DHT active (node id 05a7…bee3, dedicated UDP socket)
14:48:52.421[0;34m[INFO][0m [torrent] dht: search 39916f69ab5c3338c559bdbf5b0eb4008e1e5bab (new)
14:48:52.432[0;34m[INFO][0m [torrent] dht: bootstrap router.bittorrent.com -> 67.215.246.10:6881
14:48:52.476[0;34m[INFO][0m [torrent] dht: bootstrap dht.transmissionbt.com -> 212.129.33.59:6881
14:48:52.484[0;34m[INFO][0m [torrent] dht: bootstrap router.utorrent.com -> 82.221.103.244:6881
14:48:52.625[0;32m[DEBUG][0m [torrent] dht: ping bootstrap 67.215.246.10:6881
14:48:52.629[0;32m[DEBUG][0m [torrent] dht: ping bootstrap 212.129.33.59:6881
14:48:52.632[0;32m[DEBUG][0m [torrent] dht: ping bootstrap 82.221.103.244:6881
14:48:52.668[0;34m[INFO][0m [torrent] dht: first UDP datagram received from 212.129.33.59:6881
14:48:52.990[0;32m[DEBUG][0m torrent buffering: meta=false peers=0/0 rate=0B/s pieces=0/0 contiguous=0B webseeds=0
14:48:53.790[0;32m[DEBUG][0m torrent buffering: meta=false peers=0/0 rate=0B/s pieces=0/0 contiguous=0B webseeds=0
14:48:54.590[0;32m[DEBUG][0m torrent buffering: meta=false peers=0/0 rate=0B/s pieces=0/0 contiguous=0B webseeds=0
14:48:55.390[0;32m[DEBUG][0m torrent buffering: meta=false peers=0/0 rate=0B/s pieces=0/0 contiguous=0B webseeds=0
14:48:56.190[0;32m[DEBUG][0m torrent buffering: meta=false peers=0/0 rate=0B/s pieces=0/0 contiguous=0B webseeds=0
14:48:56.990[0;32m[DEBUG][0m torrent buffering: meta=false peers=0/0 rate=0B/s pieces=0/0 contiguous=0B webseeds=0
14:48:57.790[0;32m[DEBUG][0m torrent buffering: meta=false peers=0/0 rate=0B/s pieces=0/0 contiguous=0B webseeds=0
14:48:58.590[0;32m[DEBUG][0m torrent buffering: meta=false peers=0/0 rate=0B/s pieces=0/0 contiguous=0B webseeds=0
14:48:59.390[0;32m[DEBUG][0m torrent buffering: meta=false peers=0/0 rate=0B/s pieces=0/0 contiguous=0B webseeds=0
14:49:00.190[0;32m[DEBUG][0m torrent buffering: meta=false peers=0/0 rate=0B/s pieces=0/0 contiguous=0B webseeds=0
14:49:00.990[0;32m[DEBUG][0m torrent buffering: meta=false peers=0/0 rate=0B/s pieces=0/0 contiguous=0B webseeds=0
14:49:01.790[0;32m[DEBUG][0m torrent buffering: meta=false peers=0/0 rate=0B/s pieces=0/0 contiguous=0B webseeds=0
14:49:02.590[0;32m[DEBUG][0m torrent buffering: meta=false peers=0/0 rate=0B/s pieces=0/0 contiguous=0B webseeds=0
14:49:03.390[0;32m[DEBUG][0m torrent buffering: meta=false peers=0/0 rate=0B/s pieces=0/0 contiguous=0B webseeds=0
14:49:04.190[0;32m[DEBUG][0m torrent buffering: meta=false peers=0/0 rate=0B/s pieces=0/0 contiguous=0B webseeds=0
14:49:04.990[0;32m[DEBUG][0m torrent buffering: meta=false peers=0/0 rate=0B/s pieces=0/0 contiguous=0B webseeds=0
14:49:05.790[0;32m[DEBUG][0m torrent buffering: meta=false peers=0/0 rate=0B/s pieces=0/0 contiguous=0B webseeds=0
14:49:06.590[0;32m[DEBUG][0m torrent buffering: meta=false peers=0/0 rate=0B/s pieces=0/0 contiguous=0B webseeds=0
14:49:07.390[0;32m[DEBUG][0m torrent buffering: meta=false peers=0/0 rate=0B/s pieces=0/0 contiguous=0B webseeds=0
14:49:08.190[0;32m[DEBUG][0m torrent buffering: meta=false peers=0/0 rate=0B/s pieces=0/0 contiguous=0B webseeds=0
14:49:08.990[0;32m[DEBUG][0m torrent buffering: meta=false peers=0/0 rate=0B/s pieces=0/0 contiguous=0B webseeds=0
14:49:09.790[0;32m[DEBUG][0m torrent buffering: meta=false peers=0/0 rate=0B/s pieces=0/0 contiguous=0B webseeds=0
14:49:10.590[0;32m[DEBUG][0m torrent buffering: meta=false peers=0/0 rate=0B/s pieces=0/0 contiguous=0B webseeds=0
14:49:11.390[0;32m[DEBUG][0m torrent buffering: meta=false peers=0/0 rate=0B/s pieces=0/0 contiguous=0B webseeds=0
14:49:12.190[0;32m[DEBUG][0m torrent buffering: meta=false peers=0/0 rate=0B/s pieces=0/0 contiguous=0B webseeds=0
14:49:12.990[0;32m[DEBUG][0m torrent buffering: meta=false peers=0/0 rate=0B/s pieces=0/0 contiguous=0B webseeds=0
14:49:13.790[0;32m[DEBUG][0m torrent buffering: meta=false peers=0/0 rate=0B/s pieces=0/0 contiguous=0B webseeds=0
14:49:14.590[0;32m[DEBUG][0m torrent buffering: meta=false peers=0/0 rate=0B/s pieces=0/0 contiguous=0B webseeds=0
14:49:15.390[0;32m[DEBUG][0m torrent buffering: meta=false peers=0/0 rate=0B/s pieces=0/0 contiguous=0B webseeds=0
14:49:16.190[0;32m[DEBUG][0m torrent buffering: meta=false peers=0/0 rate=0B/s pieces=0/0 contiguous=0B webseeds=0
14:49:16.990[0;32m[DEBUG][0m torrent buffering: meta=false peers=0/0 rate=0B/s pieces=0/0 contiguous=0B webseeds=0
14:49:17.790[0;32m[DEBUG][0m torrent buffering: meta=false peers=0/0 rate=0B/s pieces=0/0 contiguous=0B webseeds=0
14:49:18.590[0;32m[DEBUG][0m torrent buffering: meta=false peers=0/0 rate=0B/s pieces=0/0 contiguous=0B webseeds=0
14:49:19.390[0;32m[DEBUG][0m torrent buffering: meta=false peers=0/0 rate=0B/s pieces=0/0 contiguous=0B webseeds=0
14:49:20.190[0;32m[DEBUG][0m torrent buffering: meta=false peers=0/0 rate=0B/s pieces=0/0 contiguous=0B webseeds=0
14:49:20.990[0;32m[DEBUG][0m torrent buffering: meta=false peers=0/0 rate=0B/s pieces=0/0 contiguous=0B webseeds=0
14:49:21.790[0;32m[DEBUG][0m torrent buffering: meta=false peers=0/0 rate=0B/s pieces=0/0 contiguous=0B webseeds=0
14:49:22.590[0;32m[DEBUG][0m torrent buffering: meta=false peers=0/0 rate=0B/s pieces=0/0 contiguous=0B webseeds=0
14:49:23.390[0;32m[DEBUG][0m torrent buffering: meta=false peers=0/0 rate=0B/s pieces=0/0 contiguous=0B webseeds=0
14:49:24.190[0;32m[DEBUG][0m torrent buffering: meta=false peers=0/0 rate=0B/s pieces=0/0 contiguous=0B webseeds=0
14:49:24.990[0;32m[DEBUG][0m torrent buffering: meta=false peers=0/0 rate=0B/s pieces=0/0 contiguous=0B webseeds=0
14:49:25.790[0;32m[DEBUG][0m torrent buffering: meta=false peers=0/0 rate=0B/s pieces=0/0 contiguous=0B webseeds=0
14:49:26.590[0;32m[DEBUG][0m torrent buffering: meta=false peers=0/0 rate=0B/s pieces=0/0 contiguous=0B webseeds=0
14:49:27.390[0;32m[DEBUG][0m torrent buffering: meta=false peers=0/0 rate=0B/s pieces=0/0 contiguous=0B webseeds=0
14:49:28.190[0;32m[DEBUG][0m torrent buffering: meta=false peers=0/0 rate=0B/s pieces=0/0 contiguous=0B webseeds=0
14:49:28.990[0;32m[DEBUG][0m torrent buffering: meta=false peers=0/0 rate=0B/s pieces=0/0 contiguous=0B webseeds=0
14:49:29.790[0;32m[DEBUG][0m torrent buffering: meta=false peers=0/0 rate=0B/s pieces=0/0 contiguous=0B webseeds=0
14:49:30.590[0;32m[DEBUG][0m torrent buffering: meta=false peers=0/0 rate=0B/s pieces=0/0 contiguous=0B webseeds=0
14:49:31.390[0;32m[DEBUG][0m torrent buffering: meta=false peers=0/0 rate=0B/s pieces=0/0 contiguous=0B webseeds=0
14:49:32.190[0;32m[DEBUG][0m torrent buffering: meta=false peers=0/0 rate=0B/s pieces=0/0 contiguous=0B webseeds=0
14:49:32.990[0;32m[DEBUG][0m torrent buffering: meta=false peers=0/0 rate=0B/s pieces=0/0 contiguous=0B webseeds=0
14:49:33.790[0;32m[DEBUG][0m torrent buffering: meta=false peers=0/0 rate=0B/s pieces=0/0 contiguous=0B webseeds=0
14:49:34.590[0;32m[DEBUG][0m torrent buffering: meta=false peers=0/0 rate=0B/s pieces=0/0 contiguous=0B webseeds=0
14:49:35.390[0;32m[DEBUG][0m torrent buffering: meta=false peers=0/0 rate=0B/s pieces=0/0 contiguous=0B webseeds=0
14:49:36.190[0;32m[DEBUG][0m torrent buffering: meta=false peers=0/0 rate=0B/s pieces=0/0 contiguous=0B webseeds=0
14:49:36.990[0;32m[DEBUG][0m torrent buffering: meta=false peers=0/0 rate=0B/s pieces=0/0 contiguous=0B webseeds=0
14:49:37.790[0;32m[DEBUG][0m torrent buffering: meta=false peers=0/0 rate=0B/s pieces=0/0 contiguous=0B webseeds=0
14:49:38.590[0;32m[DEBUG][0m torrent buffering: meta=false peers=0/0 rate=0B/s pieces=0/0 contiguous=0B webseeds=0
14:49:39.390[0;32m[DEBUG][0m torrent buffering: meta=false peers=0/0 rate=0B/s pieces=0/0 contiguous=0B webseeds=0
14:49:40.190[0;32m[DEBUG][0m torrent buffering: meta=false peers=0/0 rate=0B/s pieces=0/0 contiguous=0B webseeds=0
14:49:40.990[0;32m[DEBUG][0m torrent buffering: meta=false peers=0/0 rate=0B/s pieces=0/0 contiguous=0B webseeds=0
14:49:41.790[0;32m[DEBUG][0m torrent buffering: meta=false peers=0/0 rate=0B/s pieces=0/0 contiguous=0B webseeds=0
14:49:42.590[0;32m[DEBUG][0m torrent buffering: meta=false peers=0/0 rate=0B/s pieces=0/0 contiguous=0B webseeds=0
14:49:43.390[0;32m[DEBUG][0m torrent buffering: meta=false peers=0/0 rate=0B/s pieces=0/0 contiguous=0B webseeds=0
14:49:44.190[0;32m[DEBUG][0m torrent buffering: meta=false peers=0/0 rate=0B/s pieces=0/0 contiguous=0B webseeds=0
14:49:44.990[0;32m[DEBUG][0m torrent buffering: meta=false peers=0/0 rate=0B/s pieces=0/0 contiguous=0B webseeds=0
14:49:45.790[0;32m[DEBUG][0m torrent buffering: meta=false peers=0/0 rate=0B/s pieces=0/0 contiguous=0B webseeds=0
14:49:46.590[0;32m[DEBUG][0m torrent buffering: meta=false peers=0/0 rate=0B/s pieces=0/0 contiguous=0B webseeds=0
14:49:47.390[0;32m[DEBUG][0m torrent buffering: meta=false peers=0/0 rate=0B/s pieces=0/0 contiguous=0B webseeds=0
14:49:48.190[0;32m[DEBUG][0m torrent buffering: meta=false peers=0/0 rate=0B/s pieces=0/0 contiguous=0B webseeds=0
14:49:48.990[0;32m[DEBUG][0m torrent buffering: meta=false peers=0/0 rate=0B/s pieces=0/0 contiguous=0B webseeds=0
14:49:49.790[0;32m[DEBUG][0m torrent buffering: meta=false peers=0/0 rate=0B/s pieces=0/0 contiguous=0B webseeds=0
14:49:50.590[0;32m[DEBUG][0m torrent buffering: meta=false peers=0/0 rate=0B/s pieces=0/0 contiguous=0B webseeds=0
14:49:51.390[0;32m[DEBUG][0m torrent buffering: meta=false peers=0/0 rate=0B/s pieces=0/0 contiguous=0B webseeds=0
14:49:52.190[0;32m[DEBUG][0m torrent buffering: meta=false peers=0/0 rate=0B/s pieces=0/0 contiguous=0B webseeds=0
14:49:52.990[0;32m[DEBUG][0m torrent buffering: meta=false peers=0/0 rate=0B/s pieces=0/0 contiguous=0B webseeds=0
14:49:53.790[0;32m[DEBUG][0m torrent buffering: meta=false peers=0/0 rate=0B/s pieces=0/0 contiguous=0B webseeds=0
14:49:54.590[0;32m[DEBUG][0m torrent buffering: meta=false peers=0/0 rate=0B/s pieces=0/0 contiguous=0B webseeds=0
14:49:55.390[0;32m[DEBUG][0m torrent buffering: meta=false peers=0/0 rate=0B/s pieces=0/0 contiguous=0B webseeds=0
14:49:56.190[0;32m[DEBUG][0m torrent buffering: meta=false peers=0/0 rate=0B/s pieces=0/0 contiguous=0B webseeds=0
14:49:56.990[0;32m[DEBUG][0m torrent buffering: meta=false peers=0/0 rate=0B/s pieces=0/0 contiguous=0B webseeds=0
14:49:57.790[0;32m[DEBUG][0m torrent buffering: meta=false peers=0/0 rate=0B/s pieces=0/0 contiguous=0B webseeds=0
14:49:58.590[0;32m[DEBUG][0m torrent buffering: meta=false peers=0/0 rate=0B/s pieces=0/0 contiguous=0B webseeds=0
14:49:59.390[0;32m[DEBUG][0m torrent buffering: meta=false peers=0/0 rate=0B/s pieces=0/0 contiguous=0B webseeds=0
14:50:00.190[0;32m[DEBUG][0m torrent buffering: meta=false peers=0/0 rate=0B/s pieces=0/0 contiguous=0B webseeds=0
14:50:00.990[0;32m[DEBUG][0m torrent buffering: meta=false peers=0/0 rate=0B/s pieces=0/0 contiguous=0B webseeds=0
14:50:01.790[0;32m[DEBUG][0m torrent buffering: meta=false peers=0/0 rate=0B/s pieces=0/0 contiguous=0B webseeds=0
14:50:02.590[0;32m[DEBUG][0m torrent buffering: meta=false peers=0/0 rate=0B/s pieces=0/0 contiguous=0B webseeds=0
14:50:03.390[0;32m[DEBUG][0m torrent buffering: meta=false peers=0/0 rate=0B/s pieces=0/0 contiguous=0B webseeds=0
14:50:04.190[0;32m[DEBUG][0m torrent buffering: meta=false peers=0/0 rate=0B/s pieces=0/0 contiguous=0B webseeds=0
14:50:04.990[0;32m[DEBUG][0m torrent buffering: meta=false peers=0/0 rate=0B/s pieces=0/0 contiguous=0B webseeds=0
14:50:05.790[0;32m[DEBUG][0m torrent buffering: meta=false peers=0/0 rate=0B/s pieces=0/0 contiguous=0B webseeds=0
14:50:06.590[0;32m[DEBUG][0m torrent buffering: meta=false peers=0/0 rate=0B/s pieces=0/0 contiguous=0B webseeds=0
14:50:07.390[0;32m[DEBUG][0m torrent buffering: meta=false peers=0/0 rate=0B/s pieces=0/0 contiguous=0B webseeds=0
14:50:08.190[0;32m[DEBUG][0m torrent buffering: meta=false peers=0/0 rate=0B/s pieces=0/0 contiguous=0B webseeds=0
14:50:08.990[0;32m[DEBUG][0m torrent buffering: meta=false peers=0/0 rate=0B/s pieces=0/0 contiguous=0B webseeds=0
14:50:09.790[0;32m[DEBUG][0m torrent buffering: meta=false peers=0/0 rate=0B/s pieces=0/0 contiguous=0B webseeds=0
14:50:10.590[0;32m[DEBUG][0m torrent buffering: meta=false peers=0/0 rate=0B/s pieces=0/0 contiguous=0B webseeds=0
14:50:11.390[0;32m[DEBUG][0m torrent buffering: meta=false peers=0/0 rate=0B/s pieces=0/0 contiguous=0B webseeds=0
14:50:12.190[0;32m[DEBUG][0m torrent buffering: meta=false peers=0/0 rate=0B/s pieces=0/0 contiguous=0B webseeds=0
14:50:12.990[0;32m[DEBUG][0m torrent buffering: meta=false peers=0/0 rate=0B/s pieces=0/0 contiguous=0B webseeds=0
14:50:13.790[0;32m[DEBUG][0m torrent buffering: meta=false peers=0/0 rate=0B/s pieces=0/0 contiguous=0B webseeds=0
14:50:14.590[0;32m[DEBUG][0m torrent buffering: meta=false peers=0/0 rate=0B/s pieces=0/0 contiguous=0B webseeds=0
14:50:15.390[0;32m[DEBUG][0m torrent buffering: meta=false peers=0/0 rate=0B/s pieces=0/0 contiguous=0B webseeds=0
14:50:16.190[0;32m[DEBUG][0m torrent buffering: meta=false peers=0/0 rate=0B/s pieces=0/0 contiguous=0B webseeds=0
14:50:16.990[0;32m[DEBUG][0m torrent buffering: meta=false peers=0/0 rate=0B/s pieces=0/0 contiguous=0B webseeds=0
14:50:17.790[0;32m[DEBUG][0m torrent buffering: meta=false peers=0/0 rate=0B/s pieces=0/0 contiguous=0B webseeds=0
14:50:18.590[0;32m[DEBUG][0m torrent buffering: meta=false peers=0/0 rate=0B/s pieces=0/0 contiguous=0B webseeds=0
14:50:19.390[0;32m[DEBUG][0m torrent buffering: meta=false peers=0/0 rate=0B/s pieces=0/0 contiguous=0B webseeds=0
14:50:20.190[0;32m[DEBUG][0m torrent buffering: meta=false peers=0/0 rate=0B/s pieces=0/0 contiguous=0B webseeds=0
14:50:20.990[0;32m[DEBUG][0m torrent buffering: meta=false peers=0/0 rate=0B/s pieces=0/0 contiguous=0B webseeds=0
14:50:21.790[0;32m[DEBUG][0m torrent buffering: meta=false peers=0/0 rate=0B/s pieces=0/0 contiguous=0B webseeds=0
14:50:22.432[0;33m[WARNING][0m [torrent] engine: metadata not acquired within timeout
14:50:22.434[0;33m[WARNING][0m [torrent] torrent session: open returned empty for 39916f69ab5c3338c559bdbf5b0eb4008e1e5bab
14:50:22.518[0;32m[DEBUG][0m Adding an inputs block token (tokens=1)
14:50:22.523[0;32m[DEBUG][0m Pushing VideoView (id="video") to the focus stack
14:50:22.526[0;32m[DEBUG][0m Giving focus to brls::Button (id="brls/dialog/button1")
14:50:22.532[0;32m[DEBUG][0m Hiding brls::Dialog
14:50:22.535[0;32m[DEBUG][0m push activity to the stack
14:50:22.540[0;32m[DEBUG][0m Showing brls::Dialog
14:50:22.592[0;32m[DEBUG][0m torrent buffering: meta=false peers=0/0 rate=0B/s pieces=0/0 contiguous=0B webseeds=0
14:50:22.711[0;32m[DEBUG][0m Removing an inputs block token (tokens=0)
14:50:23.392[0;32m[DEBUG][0m torrent buffering: meta=false peers=0/0 rate=0B/s pieces=0/0 contiguous=0B webseeds=0
14:50:24.192[0;32m[DEBUG][0m torrent buffering: meta=false peers=0/0 rate=0B/s pieces=0/0 contiguous=0B webseeds=0
14:50:24.861[0;32m[DEBUG][0m Adding an inputs block token (tokens=1)
14:50:24.864[0;32m[DEBUG][0m Hiding PlayerView
14:50:24.868[0;32m[DEBUG][0m Showing PlayerView
14:50:24.873[0;32m[DEBUG][0m Giving focus to VideoView (id="video"), and removing it from the focus stack
14:50:24.875[0;32m[DEBUG][0m Giving focus to VideoView (id="video")
14:50:24.884[0;32m[DEBUG][0m Hiding brls::Dialog
14:50:24.991[0;32m[DEBUG][0m torrent buffering: meta=false peers=0/0 rate=0B/s pieces=0/0 contiguous=0B webseeds=0
14:50:25.079[0;32m[DEBUG][0m Adding an inputs block token (tokens=2)
14:50:25.082[0;32m[DEBUG][0m Hiding brls::AppletFrame (id="main/frame")
14:50:25.084[0;32m[DEBUG][0m Showing brls::AppletFrame (id="main/frame")
14:50:25.087[0;32m[DEBUG][0m Giving focus to (anonymous namespace)::SourceRow (id="movie/source/3"), and removing it from the focus stack
14:50:25.093[0;32m[DEBUG][0m Giving focus to (anonymous namespace)::SourceRow (id="movie/source/3")
14:50:25.099[0;32m[DEBUG][0m Hiding PlayerView
14:50:25.102[0;32m[DEBUG][0m Start delete top activity
14:50:25.105[0;32m[DEBUG][0m Top activity deleted
14:50:25.114[0;32m[DEBUG][0m Removing an inputs block token (tokens=1)
14:50:25.116[0;32m[DEBUG][0m Start delete top activity
14:50:25.119[0;32m[DEBUG][0m Top activity deleted
14:50:25.126[0;32m[DEBUG][0m Removing an inputs block token (tokens=0)
14:50:25.137[0;32m[DEBUG][0m trying delete PlayerView...
14:50:25.141[0;32m[DEBUG][0m trying delete VideoView...
14:50:25.175[0;32m[DEBUG][0m View VideoProfile: delete
14:50:25.186[0;32m[DEBUG][0m delete AppletFrame brls::AppletFrame (id="brls/dialog/applet")
14:50:25.198[0;32m[DEBUG][0m View HRecyclerFrame: create
14:50:25.203[0;32m[DEBUG][0m HRecyclerFrame::onLayout reloadData()
14:50:25.207[0;32m[DEBUG][0m HRecyclerFrame Cell #1 - added right
14:50:25.211[0;32m[DEBUG][0m HRecyclerFrame Cell #2 - added right
14:50:25.216[0;32m[DEBUG][0m HRecyclerFrame Cell #2 - added right
14:50:25.218[0;32m[DEBUG][0m HRecyclerFrame Cell #2 - added right
14:50:25.222[0;32m[DEBUG][0m View HRecyclerFrame: delete
14:50:25.240[0;32m[DEBUG][0m View HRecyclerFrame: delete
14:50:25.257[0;32m[DEBUG][0m View HRecyclerFrame: delete
14:50:25.276[0;32m[DEBUG][0m View HRecyclerFrame: delete
14:50:25.301[0;32m[DEBUG][0m View HRecyclerFrame: delete
14:50:25.326[0;32m[DEBUG][0m View HRecyclerFrame: delete
14:50:25.352[0;32m[DEBUG][0m View HRecyclerFrame: delete
14:50:25.792[0;32m[DEBUG][0m HRecyclerFrame::onLayout reloadData()
14:50:25.796[0;32m[DEBUG][0m HRecyclerFrame Cell #3 - added right
14:50:26.079[0;32m[DEBUG][0m Giving focus to brls::Box (id="video/card/pic_box")
14:50:26.091[0;32m[DEBUG][0m Tab MediaMovie: delete
14:50:26.211[0;32m[DEBUG][0m View HRecyclerFrame: delete
14:50:26.391[0;32m[DEBUG][0m Giving focus to AutoSidebarItem
14:50:27.002[0;32m[DEBUG][0m Adding an inputs block token (tokens=1)
14:50:27.007[0;32m[DEBUG][0m Pushing AutoSidebarItem to the focus stack
14:50:27.009[0;32m[DEBUG][0m Giving focus to brls::Button (id="brls/dialog/button1")
14:50:27.016[0;32m[DEBUG][0m Hiding brls::Dialog
14:50:27.020[0;32m[DEBUG][0m push activity to the stack
14:50:27.024[0;32m[DEBUG][0m Showing brls::Dialog
14:50:27.148[0;33m[WARNING][0m stremio home catalog https://www.strem.io/trakt/addon/5efba1e44a7b61002583b900/catalog/movie/history.json: http status 500
14:50:27.206[0;32m[DEBUG][0m Removing an inputs block token (tokens=0)
14:50:27.496[0;33m[WARNING][0m stremio home catalog https://www.strem.io/trakt/addon/5efba1e44a7b61002583b900/catalog/movie/watchlist.json: http status 500
14:50:27.820[0;33m[WARNING][0m stremio home catalog https://www.strem.io/trakt/addon/5efba1e44a7b61002583b900/catalog/movie/collection.json: http status 500
14:50:27.859[0;32m[DEBUG][0m Giving focus to brls::Button (id="brls/dialog/button2")
14:50:28.308[0;33m[WARNING][0m stremio home catalog https://www.strem.io/trakt/addon/5efba1e44a7b61002583b900/catalog/movie/recommendations.json: http status 500
14:50:28.407[0;32m[DEBUG][0m Adding an inputs block token (tokens=1)
14:50:28.411[0;32m[DEBUG][0m Hiding brls::AppletFrame (id="main/frame")
14:50:28.415[0;32m[DEBUG][0m Showing brls::AppletFrame (id="main/frame")
14:50:28.418[0;32m[DEBUG][0m Giving focus to AutoSidebarItem, and removing it from the focus stack
14:50:28.421[0;32m[DEBUG][0m Giving focus to AutoSidebarItem
14:50:28.429[0;32m[DEBUG][0m Hiding brls::Dialog
14:50:28.592[0;32m[DEBUG][0m Start delete top activity
14:50:28.597[0;32m[DEBUG][0m Top activity deleted
14:50:28.621[0;32m[DEBUG][0m Removing an inputs block token (tokens=0)
14:50:28.627[0;32m[DEBUG][0m delete AppletFrame brls::AppletFrame (id="brls/dialog/applet")
14:50:28.683[0;34m[INFO][0m trying free mpv context
14:50:28.693[0;34m[INFO][0m trying terminate mpv
14:50:28.715[0;34m[INFO][0m Exiting...
14:50:28.718[0;32m[DEBUG][0m delete AppletFrame brls::AppletFrame (id="main/frame")
14:50:28.728[0;32m[DEBUG][0m delete AutoTabFrame
14:50:28.732[0;32m[DEBUG][0m del AutoSidebarItem: 
14:50:28.735[0;32m[DEBUG][0m View HomeTab: delete
14:50:28.738[0;32m[DEBUG][0m delete AttachedView
14:50:28.745[0;32m[DEBUG][0m View HRecyclerFrame: delete
14:50:28.757[0;32m[DEBUG][0m del AutoSidebarItem: 
14:50:28.761[0;32m[DEBUG][0m delete AttachedView
14:50:28.765[0;32m[DEBUG][0m delete AutoTabFrame
14:50:28.767[0;32m[DEBUG][0m del AutoSidebarItem: Popular
14:50:28.771[0;32m[DEBUG][0m View RecyclingGrid: delete
14:50:28.968[0;32m[DEBUG][0m del AutoSidebarItem: New
14:50:28.972[0;32m[DEBUG][0m del AutoSidebarItem: Featured
14:50:28.976[0;32m[DEBUG][0m del AutoSidebarItem: Trakt History
14:50:28.979[0;32m[DEBUG][0m del AutoSidebarItem: Trakt Watchlist
14:50:28.983[0;32m[DEBUG][0m del AutoSidebarItem: Trakt Collection
14:50:28.987[0;32m[DEBUG][0m del AutoSidebarItem: Trakt Recommendations
14:50:28.992[0;32m[DEBUG][0m del AutoSidebarItem: Genres
14:50:28.998[0;32m[DEBUG][0m del AutoSidebarItem: 
14:50:29.001[0;32m[DEBUG][0m del AutoSidebarItem: 
14:50:29.004[0;32m[DEBUG][0m del AutoSidebarItem: 
14:50:29.008[0;32m[DEBUG][0m del AutoSidebarItem: 
14:50:29.012[0;32m[DEBUG][0m del AutoSidebarItem: 
14:50:29.023[0;32m[DEBUG][0m del AutoSidebarItem: 
14:50:30.007[0;33m[WARNING][0m stremio home catalog https://www.strem.io/trakt/addon/5efba1e44a7b61002583b900/catalog/series/history.json: http status 500
14:50:30.303[0;33m[WARNING][0m stremio home catalog https://www.strem.io/trakt/addon/5efba1e44a7b61002583b900/catalog/series/watchlist.json: http status 500
14:50:30.626[0;33m[WARNING][0m stremio home catalog https://www.strem.io/trakt/addon/5efba1e44a7b61002583b900/catalog/series/collection.json: http status 500
14:50:31.110[0;33m[WARNING][0m stremio home catalog https://www.strem.io/trakt/addon/5efba1e44a7b61002583b900/catalog/series/recommendations.json: http status 500
14:50:31.648[0;32m[DEBUG][0m curl cleanup
